1_bit_Full_Adder_ver1 metal3_conn,metal1_conn,metal4_conn,_pmos1v nwell_conn,poly_conn,_nmos1v,Via1,Via3,ptap,pdiff_conn,ndiff_conn,cont_poly,Via2,ntap,metal2_conn,psubstrate,cont_pdiff,cont_ndiff
MUX_1X nwell_conn,poly_conn,_nmos1v,metal1_conn,ptap,pdiff_conn,ndiff_conn,metal2_conn,_pmos1v,ntap,psubstrate,cont_pdiff,cont_ndiff Via1,cont_poly
M2_M1_CDNS_16 Via1,metal1_conn,metal2_conn NULL
AND4_1x metal1_conn,metal2_conn nwell_conn,poly_conn,Via1,_nmos1v,ptap,pdiff_conn,ndiff_conn,cont_poly,_pmos1v,ntap,psubstrate,cont_pdiff,cont_ndiff
pmos1v_CDNS_19 nwell_conn,poly_conn,metal1_conn,pdiff_conn,psubstrate,cont_pdiff NULL
nmos1v_CDNS_18 poly_conn,metal1_conn,ndiff_conn,psubstrate,cont_ndiff NULL
8bit_CSA metal3_conn,nwell_conn,metal1_conn,metal4_conn,ptap,pdiff_conn,ndiff_conn,_pmos1v,ntap,psubstrate poly_conn,_nmos1v,Via1,Via3,cont_poly,Via2,Via4,metal2_conn,metal5_conn,cont_pdiff,cont_ndiff
XOR2_1X nwell_conn,poly_conn,_nmos1v,metal1_conn,ptap,pdiff_conn,ndiff_conn,metal2_conn,_pmos1v,ntap,psubstrate,cont_pdiff,cont_ndiff Via1,cont_poly
M4_M3_CDNS_3 metal3_conn,Via3,metal4_conn NULL
M4_M3_CDNS_7 metal3_conn,Via3,metal4_conn NULL
M3_M2_CDNS_1 metal3_conn,Via2,metal2_conn NULL
M3_M2_CDNS_4 metal3_conn,Via2,metal2_conn NULL
NAND2_1X nwell_conn,poly_conn,_nmos1v,metal1_conn,pdiff_conn,ndiff_conn,_pmos1v,cont_pdiff,cont_ndiff ptap,cont_poly,ntap,psubstrate
NAND2_2X nwell_conn,poly_conn,_nmos1v,metal1_conn,pdiff_conn,ndiff_conn,_pmos1v,cont_pdiff,cont_ndiff ptap,cont_poly,ntap,psubstrate
M1_PO_CDNS_8 poly_conn,metal1_conn,cont_poly NULL
INV_1X nwell_conn,poly_conn,_nmos1v,metal1_conn,pdiff_conn,ndiff_conn,_pmos1v,cont_pdiff,cont_ndiff ptap,cont_poly,ntap,psubstrate
4bit_CSA metal3_conn,metal1_conn,metal4_conn,_pmos1v,metal5_conn,psubstrate nwell_conn,poly_conn,_nmos1v,Via1,Via3,ptap,pdiff_conn,ndiff_conn,cont_poly,Via2,ntap,Via4,metal2_conn,cont_pdiff,cont_ndiff
M5_M4_CDNS_6 metal4_conn,Via4,metal5_conn NULL
M2_M1_CDNS_2 Via1,metal1_conn,metal2_conn NULL
M2_M1_CDNS_5 Via1,metal1_conn,metal2_conn NULL
cellTmpl_CDNS_11 nwell_conn,metal1_conn,ptap,pdiff_conn,ndiff_conn,ntap,psubstrate,cont_pdiff,cont_ndiff NULL
