cellTmpl_CDNS_21 nwell_conn,metal1_conn,ptap,pdiff_conn,ndiff_conn,ntap,psubstrate,cont_pdiff,cont_ndiff NULL
cellTmpl_CDNS_27 nwell_conn,metal1_conn,ptap,pdiff_conn,ndiff_conn,ntap,psubstrate,cont_pdiff,cont_ndiff NULL
INV_1X_small nwell_conn,poly_conn,_nmos1v,metal1_conn,pdiff_conn,ndiff_conn,_pmos1v,cont_pdiff,cont_ndiff ptap,cont_poly,ntap,psubstrate
NAND_1X_small nwell_conn,poly_conn,_nmos1v,metal1_conn,pdiff_conn,ndiff_conn,cont_pdiff,cont_ndiff ptap,ntap,psubstrate
cellTmpl_CDNS_33 nwell_conn,metal1_conn,ptap,pdiff_conn,ndiff_conn,ntap,psubstrate,cont_pdiff,cont_ndiff NULL
ph1p3_MSDFF metal3_conn,poly_conn,metal1_conn,metal4_conn,metal2_conn nwell_conn,_nmos1v,Via1,Via3,ptap,pdiff_conn,ndiff_conn,cont_poly,Via2,ntap,psubstrate,cont_pdiff,cont_ndiff
cellTmpl_CDNS_39 nwell_conn,metal1_conn,ptap,pdiff_conn,ndiff_conn,ntap,psubstrate,cont_pdiff,cont_ndiff NULL
INV_1X_new nwell_conn,poly_conn,_nmos1v,metal1_conn,pdiff_conn,ndiff_conn,cont_pdiff,cont_ndiff ptap,cont_poly,ntap,psubstrate
cellTmpl_CDNS_43 nwell_conn,_nmos1v,metal1_conn,ptap,pdiff_conn,ndiff_conn,_pmos1v,ntap,psubstrate,cont_pdiff,cont_ndiff NULL
M5_M4_CDNS_10 metal4_conn,Via4,metal5_conn NULL
cellTmpl_CDNS_46 nwell_conn,_nmos1v,metal1_conn,ptap,pdiff_conn,ndiff_conn,ntap,psubstrate,cont_pdiff,cont_ndiff NULL
M5_M4_CDNS_12 metal4_conn,Via4,metal5_conn NULL
cellTmpl_CDNS_48 nwell_conn,metal1_conn,ptap,pdiff_conn,ndiff_conn,ntap,psubstrate,cont_pdiff,cont_ndiff NULL
cellTmpl_CDNS_49 nwell_conn,metal1_conn,ptap,pdiff_conn,ndiff_conn,ntap,psubstrate,cont_pdiff,cont_ndiff NULL
M4_M3_CDNS_11 metal3_conn,Via3,metal4_conn NULL
XOR_small metal3_conn,poly_conn,_nmos1v,metal1_conn,metal2_conn,_pmos1v nwell_conn,Via1,ptap,pdiff_conn,ndiff_conn,Via2,cont_poly,ntap,psubstrate,cont_pdiff,cont_ndiff
INV_1X_small_layout nwell_conn,poly_conn,metal1_conn,pdiff_conn,ndiff_conn,cont_pdiff,cont_ndiff _nmos1v,ptap,cont_poly,ntap,psubstrate
M2_M1_CDNS_15 Via1,metal1_conn,metal2_conn NULL
M2_M1_CDNS_16 Via1,metal1_conn,metal2_conn NULL
M3_M2_CDNS_24 metal3_conn,Via2,metal2_conn NULL
M2_M1_CDNS_25 Via1,metal1_conn,metal2_conn NULL
M2_M1_CDNS_26 Via1,metal1_conn,metal2_conn NULL
pmos1v_CDNS_20 nwell_conn,poly_conn,metal1_conn,pdiff_conn,psubstrate,cont_pdiff NULL
pmos1v_CDNS_28 nwell_conn,poly_conn,metal1_conn,pdiff_conn,psubstrate,cont_pdiff NULL
nmos1v_CDNS_19 poly_conn,metal1_conn,ndiff_conn,psubstrate,cont_ndiff NULL
NAND2_1X_small poly_conn,_nmos1v,metal1_conn nwell_conn,ptap,pdiff_conn,ndiff_conn,cont_poly,ntap,psubstrate,cont_pdiff,cont_ndiff
pmos1v_CDNS_44 nwell_conn,poly_conn,metal1_conn,pdiff_conn,psubstrate,cont_pdiff NULL
pmos1v_CDNS_45 nwell_conn,poly_conn,metal1_conn,pdiff_conn,psubstrate,cont_pdiff NULL
nmos1v_CDNS_29 poly_conn,metal1_conn,ndiff_conn,psubstrate,cont_ndiff NULL
nmos1v_CDNS_31 poly_conn,metal1_conn,ndiff_conn,psubstrate,cont_ndiff NULL
nmos1v_CDNS_32 poly_conn,metal1_conn,ndiff_conn,psubstrate,cont_ndiff NULL
10badder metal3_conn,poly_conn,Via1,metal1_conn,Via3,metal4_conn,Via2,metal2_conn,_pmos1v,psubstrate nwell_conn,_nmos1v,ptap,pdiff_conn,ndiff_conn,cont_poly,ntap,cont_pdiff,cont_ndiff
M4_M3_CDNS_3 metal3_conn,Via3,metal4_conn NULL
M4_M3_CDNS_4 metal3_conn,Via3,metal4_conn NULL
M4_M3_CDNS_5 metal3_conn,Via3,metal4_conn NULL
M3_M2_CDNS_2 metal3_conn,Via2,metal2_conn NULL
M3_M2_CDNS_6 metal3_conn,Via2,metal2_conn NULL
M3_M2_CDNS_7 metal3_conn,Via2,metal2_conn NULL
M3_M2_CDNS_8 metal3_conn,Via2,metal2_conn NULL
M1_PO_CDNS_13 poly_conn,metal1_conn,cont_poly NULL
M1_PO_CDNS_14 poly_conn,metal1_conn,cont_poly NULL
M1_PO_CDNS_17 poly_conn,metal1_conn,cont_poly NULL
M1_PO_CDNS_22 poly_conn,metal1_conn,cont_poly NULL
full_adder1_small metal3_conn,poly_conn,metal1_conn,metal2_conn,psubstrate nwell_conn,_nmos1v,Via1,ptap,pdiff_conn,ndiff_conn,cont_poly,Via2,ntap,cont_pdiff,cont_ndiff
M1_PO_CDNS_23 poly_conn,metal1_conn,cont_poly NULL
ph1p3_clk_part nwell_conn,poly_conn,_nmos1v,metal1_conn,pdiff_conn,cont_pdiff ptap,ndiff_conn,cont_poly,ntap,psubstrate,cont_ndiff
half_adder metal3_conn,poly_conn,metal1_conn nwell_conn,_nmos1v,Via1,ptap,pdiff_conn,ndiff_conn,cont_poly,Via2,_pmos1v,ntap,metal2_conn,psubstrate,cont_pdiff,cont_ndiff
MUX_2to1___2X metal3_conn,nwell_conn,poly_conn,_nmos1v,metal1_conn,pdiff_conn,ndiff_conn,metal2_conn,_pmos1v,psubstrate,cont_pdiff,cont_ndiff Via1,ptap,cont_poly,Via2,ntap
FA_4bit metal3_conn,poly_conn,metal1_conn,metal4_conn,metal2_conn,_pmos1v,psubstrate nwell_conn,_nmos1v,Via1,Via3,ptap,pdiff_conn,ndiff_conn,cont_poly,Via2,ntap,cont_pdiff,cont_ndiff
AND metal1_conn nwell_conn,poly_conn,_nmos1v,ptap,pdiff_conn,ndiff_conn,cont_poly,ntap,psubstrate,cont_pdiff,cont_ndiff
ph2p1_MAC metal3_conn,poly_conn,metal1_conn,metal4_conn,metal2_conn,_pmos1v,metal5_conn,psubstrate nwell_conn,_nmos1v,Via1,Via3,ptap,pdiff_conn,ndiff_conn,cont_poly,Via2,ntap,Via4,cont_pdiff,cont_ndiff
XOR1 poly_conn,_nmos1v,metal1_conn,metal2_conn nwell_conn,Via1,ptap,pdiff_conn,ndiff_conn,cont_poly,ntap,psubstrate,cont_pdiff,cont_ndiff
multiplier metal3_conn,poly_conn,metal1_conn,metal4_conn,metal2_conn,_pmos1v,metal5_conn,psubstrate nwell_conn,_nmos1v,Via1,Via3,ptap,pdiff_conn,ndiff_conn,cont_poly,Via2,ntap,Via4,cont_pdiff,cont_ndiff
NAND_2X_small1 nwell_conn,poly_conn,_nmos1v,metal1_conn,pdiff_conn,ndiff_conn,cont_pdiff,cont_ndiff ptap,ntap,psubstrate
M2_M1_CDNS_1 Via1,metal1_conn,metal2_conn NULL
M2_M1_CDNS_9 Via1,metal1_conn,metal2_conn NULL
cellTmpl_CDNS_18 nwell_conn,metal1_conn,ptap,pdiff_conn,ndiff_conn,ntap,psubstrate,cont_pdiff,cont_ndiff NULL
